 
****************************************
Report : timing
        -path full
        -delay max
        -max_paths 1
Design : SIPISOALU
Version: F-2011.09-SP3
Date   : Thu Apr 29 13:10:20 2021
****************************************

Operating Conditions: typical   Library: NangateOpenCellLibrary
Wire Load Model Mode: top

  Startpoint: control/CURRENT_STATE_reg[2]
              (rising edge-triggered flip-flop clocked by CLK)
  Endpoint: PISO_reg[0]
            (rising edge-triggered flip-flop clocked by CLK)
  Path Group: CLK
  Path Type: max

  Des/Clust/Port     Wire Load Model       Library
  ------------------------------------------------
  SIPISOALU          5K_hvratio_1_1        NangateOpenCellLibrary

  Point                                                   Incr       Path
  --------------------------------------------------------------------------
  clock CLK (rise edge)                                   0.00       0.00
  clock network delay (ideal)                             0.00       0.00
  control/CURRENT_STATE_reg[2]/CK (DFFR_X1)               0.00       0.00 r
  control/CURRENT_STATE_reg[2]/Q (DFFR_X1)                0.13       0.13 r
  control/U55/ZN (NAND3_X1)                               0.06       0.19 f
  control/U3/ZN (NOR3_X1)                                 0.13       0.32 r
  control/loadC (sipisoAluControl)                        0.00       0.32 r
  U80/ZN (OR2_X1)                                         0.07       0.39 r
  U83/ZN (NAND2_X1)                                       0.05       0.44 f
  U89/ZN (OAI221_X1)                                      0.06       0.50 r
  PISO_reg[0]/D (DFFR_X1)                                 0.01       0.51 r
  data arrival time                                                  0.51

  clock CLK (rise edge)                                   0.64       0.64
  clock network delay (ideal)                             0.00       0.64
  PISO_reg[0]/CK (DFFR_X1)                                0.00       0.64 r
  library setup time                                     -0.04       0.60
  data required time                                                 0.60
  --------------------------------------------------------------------------
  data required time                                                 0.60
  data arrival time                                                 -0.51
  --------------------------------------------------------------------------
  slack (MET)                                                        0.09


1
