 
****************************************
Report : power
        -net
        -analysis_effort low
        -sort_mode net_switching_power
Design : SIPISOALU
Version: F-2011.09-SP3
Date   : Thu Apr 29 13:10:28 2021
****************************************


Library(s) Used:

    NangateOpenCellLibrary (File: /home/mariagrazia.graziano/do/libnangate/NangateOpenCellLibrary_typical_ecsm.db)


Operating Conditions: typical   Library: NangateOpenCellLibrary
Wire Load Model Mode: top

Design        Wire Load Model            Library
------------------------------------------------
SIPISOALU              5K_hvratio_1_1    NangateOpenCellLibrary


Global Operating Voltage = 1.1  
Power-specific unit information :
    Voltage Units = 1V
    Capacitance Units = 1.000000ff
    Time Units = 1ns
    Dynamic Power Units = 1uW    (derived from V,C,T units)
    Leakage Power Units = 1nW



  Attributes
  ----------
      a  -  Switching activity information annotated on net
      d  -  Default switching activity information on net

                             Total      Static   Toggle   Switching
Net                          Net Load   Prob.    Rate     Power      Attrs
--------------------------------------------------------------------------------
n118                          32.022    0.500    0.1000      1.9373  d
LDB                           21.092    0.112    0.0611      0.7800  
EA                            12.325    0.150    0.0649      0.4838  
n153                           1.999    0.494    0.1291      0.1562  
n128                           6.981    0.111    0.0327      0.1379  
n125                           6.983    0.098    0.0310      0.1310  
n121                           6.613    0.888    0.0320      0.1282  
n131                           6.047    0.109    0.0347      0.1268  
n83                            6.729    0.888    0.0303      0.1232  
n139                           2.883    0.178    0.0623      0.1088  
LDC                           15.720    0.005    0.0105      0.1001  
n142                           2.721    0.167    0.0572      0.0942  
n124                           4.503    0.891    0.0344      0.0936  
n149                           6.743    0.050    0.0228      0.0931  
n137                           1.933    0.178    0.0764      0.0894  
n146                           2.542    0.839    0.0531      0.0817  
n141                           1.894    0.170    0.0687      0.0787  
n143                           1.972    0.836    0.0626      0.0747  
n82                            3.984    0.902    0.0307      0.0740  
n150                           1.882    0.870    0.0556      0.0633  
n154                           1.980    0.928    0.0445      0.0533  
n159                           1.980    0.943    0.0413      0.0494  
n160                           1.980    0.946    0.0406      0.0487  
n155                           1.980    0.939    0.0405      0.0486  
n130                           2.883    0.092    0.0278      0.0485  
n129                           2.542    0.114    0.0308      0.0473  
n158                           1.980    0.943    0.0392      0.0470  
n157                           1.980    0.944    0.0389      0.0466  
n156                           1.980    0.949    0.0371      0.0444  
n138                           2.542    0.943    0.0277      0.0426  
n145                           6.225    0.982    0.0110      0.0415  
n116                           5.952    0.018    0.0110      0.0397  
n84                            1.974    0.112    0.0323      0.0386  
n136                           6.149    0.013    0.0101      0.0377  
n120                           1.882    0.889    0.0323      0.0368  
n122                           1.882    0.886    0.0305      0.0347  
n46                            1.438    0.121    0.0391      0.0340  
n40                            1.438    0.124    0.0373      0.0324  
n39                            1.438    0.124    0.0370      0.0322  
n123                           1.882    0.908    0.0275      0.0313  
n41                            1.438    0.124    0.0354      0.0308  
n42                            1.438    0.126    0.0347      0.0302  
n147                           2.721    0.046    0.0177      0.0292  
n44                            1.438    0.108    0.0335      0.0292  
n119                           1.894    0.950    0.0228      0.0262  
n43                            1.438    0.102    0.0298      0.0259  
n152                           1.980    0.991    0.0118      0.0142  
n31                            1.972    0.975    0.0109      0.0130  
n132                           3.985    0.003    0.0054      0.0130  
SHIFTC                         1.961    0.013    0.0101      0.0120  
n117                           1.882    0.995    0.0105      0.0120  
n135                           1.980    0.993    0.0099      0.0118  
n148                           1.999    0.977    0.0096      0.0116  
n126                           1.882    0.993    0.0090      0.0102  
n151                           1.980    0.979    0.0084      0.0101  
n48                            1.438    0.028    0.0116      0.0101  
n133                           1.894    0.006    0.0085      0.0097  
n140                           1.980    0.995    0.0076      0.0091  
n127                           1.972    0.995    0.0074      0.0089  
n51                            1.438    0.007    0.0099      0.0086  
n134                           1.997    0.005    0.0070      0.0084  
n50                            1.438    0.005    0.0076      0.0066  
n49                            1.438    0.003    0.0059      0.0051  
C                              0.310    0.025    0.0104      0.0019  
n144                           1.980    1.000    0.0000      0.0000  
--------------------------------------------------------------------------------
Total (65 nets)                                              6.1391 uW
1
